// Jest Snapshot v1, https://goo.gl/fbAQLP

exports[`Cart checkout should return an object with the total and the list of items 1`] = `
Object {
  "items": Array [
    Object {
      "product": Object {
        "price": 19990,
        "title": "Adidas running shoes - men",
      },
      "quantity": 3,
    },
    Object {
      "product": Object {
        "price": 18990,
        "title": "Adidas running shoes - women",
      },
      "quantity": 2,
    },
  ],
  "total": 97950,
}
`;

exports[`Cart checkout should return an object with the total and the list of items when call sumary 1`] = `
Object {
  "items": Array [
    Object {
      "product": Object {
        "price": 19990,
        "title": "Adidas running shoes - men",
      },
      "quantity": 3,
    },
    Object {
      "product": Object {
        "price": 18990,
        "title": "Adidas running shoes - women",
      },
      "quantity": 2,
    },
  ],
  "total": 97950,
}
`;
